waiting for main run to finish... 20:50:39
waiting for main run to finish... 20:52:39
waiting for main run to finish... 20:54:39
waiting for main run to finish... 20:56:39
waiting for main run to finish... 20:58:39
waiting for main run to finish... 21:00:39
waiting for main run to finish... 21:02:40
waiting for main run to finish... 21:04:40
waiting for main run to finish... 21:06:40
waiting for main run to finish... 21:08:40
waiting for main run to finish... 21:10:40
waiting for main run to finish... 21:12:40
waiting for main run to finish... 21:14:40
waiting for main run to finish... 21:16:40
waiting for main run to finish... 21:18:40
waiting for main run to finish... 21:20:40
waiting for main run to finish... 21:22:40
waiting for main run to finish... 21:24:40
waiting for main run to finish... 21:26:40
waiting for main run to finish... 21:28:40
waiting for main run to finish... 21:30:40
waiting for main run to finish... 21:32:40
waiting for main run to finish... 21:34:40
waiting for main run to finish... 21:36:40
waiting for main run to finish... 21:38:40
waiting for main run to finish... 21:40:40
waiting for main run to finish... 21:42:40
waiting for main run to finish... 21:44:40
waiting for main run to finish... 21:46:41
waiting for main run to finish... 21:48:41
waiting for main run to finish... 21:50:41
waiting for main run to finish... 21:52:41
waiting for main run to finish... 21:54:41
waiting for main run to finish... 21:56:41
waiting for main run to finish... 21:58:41
waiting for main run to finish... 22:00:41
waiting for main run to finish... 22:02:41
waiting for main run to finish... 22:04:41
waiting for main run to finish... 22:06:41
waiting for main run to finish... 22:08:41
waiting for main run to finish... 22:10:41
waiting for main run to finish... 22:12:41
waiting for main run to finish... 22:14:41
waiting for main run to finish... 22:16:41
waiting for main run to finish... 22:18:41
waiting for main run to finish... 22:20:41
waiting for main run to finish... 22:22:41
waiting for main run to finish... 22:24:41
waiting for main run to finish... 22:26:42
waiting for main run to finish... 22:28:42
waiting for main run to finish... 22:30:42
waiting for main run to finish... 22:32:42
waiting for main run to finish... 22:34:42
waiting for main run to finish... 22:36:42
waiting for main run to finish... 22:38:42
waiting for main run to finish... 22:40:42
waiting for main run to finish... 22:42:42
waiting for main run to finish... 22:44:42
waiting for main run to finish... 22:46:42
waiting for main run to finish... 22:48:42
waiting for main run to finish... 22:50:42
waiting for main run to finish... 22:52:42
waiting for main run to finish... 22:54:42
waiting for main run to finish... 22:56:42
waiting for main run to finish... 22:58:42
waiting for main run to finish... 23:00:42
waiting for main run to finish... 23:02:42
waiting for main run to finish... 23:04:42
waiting for main run to finish... 23:06:43
waiting for main run to finish... 23:08:43
waiting for main run to finish... 23:10:43
waiting for main run to finish... 23:12:43
waiting for main run to finish... 23:14:43
waiting for main run to finish... 23:16:43
waiting for main run to finish... 23:18:43
waiting for main run to finish... 23:20:43
waiting for main run to finish... 23:22:43
waiting for main run to finish... 23:24:43
waiting for main run to finish... 23:26:43
waiting for main run to finish... 23:28:43
waiting for main run to finish... 23:30:43
waiting for main run to finish... 23:32:43
waiting for main run to finish... 23:34:43
waiting for main run to finish... 23:36:43
waiting for main run to finish... 23:38:43
waiting for main run to finish... 23:40:43
waiting for main run to finish... 23:42:43
waiting for main run to finish... 23:44:44
waiting for main run to finish... 23:46:44
waiting for main run to finish... 23:48:44
waiting for main run to finish... 23:50:44
waiting for main run to finish... 23:52:44
waiting for main run to finish... 23:54:44
waiting for main run to finish... 23:56:44
waiting for main run to finish... 23:58:44
waiting for main run to finish... 00:00:44
waiting for main run to finish... 00:02:44
waiting for main run to finish... 00:04:44
waiting for main run to finish... 00:06:44
waiting for main run to finish... 00:08:44
waiting for main run to finish... 00:10:44
waiting for main run to finish... 00:12:44
waiting for main run to finish... 00:14:44
waiting for main run to finish... 00:16:44
waiting for main run to finish... 00:18:44
waiting for main run to finish... 00:20:44
waiting for main run to finish... 00:22:44
waiting for main run to finish... 00:24:45
waiting for main run to finish... 00:26:45
waiting for main run to finish... 00:28:45
waiting for main run to finish... 00:30:45
waiting for main run to finish... 00:32:45
waiting for main run to finish... 00:34:45
waiting for main run to finish... 00:36:45
waiting for main run to finish... 00:38:45
waiting for main run to finish... 00:40:45
waiting for main run to finish... 00:42:45
waiting for main run to finish... 00:44:45
waiting for main run to finish... 00:46:45
waiting for main run to finish... 00:48:45
waiting for main run to finish... 00:50:45
waiting for main run to finish... 00:52:45
waiting for main run to finish... 00:54:45
waiting for main run to finish... 00:56:45
waiting for main run to finish... 00:58:45
waiting for main run to finish... 01:00:45
waiting for main run to finish... 01:02:45
waiting for main run to finish... 01:04:46
waiting for main run to finish... 01:06:46
waiting for main run to finish... 01:08:46
waiting for main run to finish... 01:10:46
waiting for main run to finish... 01:12:46
waiting for main run to finish... 01:14:46
waiting for main run to finish... 01:16:46
waiting for main run to finish... 01:18:46
waiting for main run to finish... 01:20:46
waiting for main run to finish... 01:22:46
waiting for main run to finish... 01:24:46
waiting for main run to finish... 01:26:46
waiting for main run to finish... 01:28:46
waiting for main run to finish... 01:30:46
waiting for main run to finish... 01:32:46
waiting for main run to finish... 01:34:46
waiting for main run to finish... 01:36:46
waiting for main run to finish... 01:38:46
waiting for main run to finish... 01:40:46
waiting for main run to finish... 01:42:46
waiting for main run to finish... 01:44:46
waiting for main run to finish... 01:46:46
waiting for main run to finish... 01:48:47
waiting for main run to finish... 01:50:47
waiting for main run to finish... 01:52:47
waiting for main run to finish... 01:54:47
waiting for main run to finish... 01:56:47
waiting for main run to finish... 01:58:47
waiting for main run to finish... 02:00:47
waiting for main run to finish... 02:02:47
waiting for main run to finish... 02:04:47
waiting for main run to finish... 02:06:47
waiting for main run to finish... 02:08:47
waiting for main run to finish... 02:10:47
waiting for main run to finish... 02:12:47
waiting for main run to finish... 02:14:47
waiting for main run to finish... 02:16:47
waiting for main run to finish... 02:18:47
waiting for main run to finish... 02:20:47
waiting for main run to finish... 02:22:47
waiting for main run to finish... 02:24:47
waiting for main run to finish... 02:26:47
waiting for main run to finish... 02:28:48
waiting for main run to finish... 02:30:48
waiting for main run to finish... 02:32:48
waiting for main run to finish... 02:34:48
waiting for main run to finish... 02:36:48
waiting for main run to finish... 02:38:48
waiting for main run to finish... 02:40:48
waiting for main run to finish... 02:42:48
waiting for main run to finish... 02:44:48
waiting for main run to finish... 02:46:48
waiting for main run to finish... 02:48:48
waiting for main run to finish... 02:50:48
waiting for main run to finish... 02:52:48
waiting for main run to finish... 02:54:48
waiting for main run to finish... 02:56:48
waiting for main run to finish... 02:58:48
waiting for main run to finish... 03:00:48
waiting for main run to finish... 03:02:48
waiting for main run to finish... 03:04:48
waiting for main run to finish... 03:06:48
waiting for main run to finish... 03:08:48
waiting for main run to finish... 03:10:48
waiting for main run to finish... 03:12:49
waiting for main run to finish... 03:14:49
waiting for main run to finish... 03:16:49
waiting for main run to finish... 03:18:49
waiting for main run to finish... 03:20:49
waiting for main run to finish... 03:22:49
waiting for main run to finish... 03:24:49
waiting for main run to finish... 03:26:49
waiting for main run to finish... 03:28:49
waiting for main run to finish... 03:30:49
main run clear — starting exploratory Sat Aug 22 03:32:49 IST 2026

==============================================================
EXPLORATORY STAGE: shift_severity  (2026-08-22 03:32:49)
==============================================================
protocol_hash=42554d911431f9de...  workers=8

=== shiftsev_caco2_a000 (10 outer runs x 48 candidates) ===
  shiftsev_caco2_a000 outer001   48 rows    62.0s  diverged=0  median_train=0.0211
  shiftsev_caco2_a000 outer002   48 rows    59.3s  diverged=0  median_train=0.0222
  shiftsev_caco2_a000 outer003   48 rows    59.6s  diverged=0  median_train=0.0182
  shiftsev_caco2_a000 outer004   48 rows    59.5s  diverged=0  median_train=0.0209
  shiftsev_caco2_a000 outer005   48 rows    59.4s  diverged=0  median_train=0.0162
  shiftsev_caco2_a000 outer006   48 rows    58.7s  diverged=0  median_train=0.0184
  shiftsev_caco2_a000 outer007   48 rows    59.1s  diverged=0  median_train=0.0217
  shiftsev_caco2_a000 outer008   48 rows    58.8s  diverged=0  median_train=0.0293
  shiftsev_caco2_a000 outer009   48 rows    58.6s  diverged=0  median_train=0.0173
  shiftsev_caco2_a000 outer010   48 rows    58.8s  diverged=0  median_train=0.0186

=== shiftsev_caco2_a025 (10 outer runs x 48 candidates) ===
  shiftsev_caco2_a025 outer001   48 rows    60.3s  diverged=0  median_train=0.0154
  shiftsev_caco2_a025 outer002   48 rows    59.6s  diverged=0  median_train=0.0206
  shiftsev_caco2_a025 outer003   48 rows    60.1s  diverged=0  median_train=0.0154
  shiftsev_caco2_a025 outer004   48 rows    60.1s  diverged=0  median_train=0.0198
  shiftsev_caco2_a025 outer005   48 rows    58.5s  diverged=0  median_train=0.0181
  shiftsev_caco2_a025 outer006   48 rows    59.4s  diverged=0  median_train=0.0216
  shiftsev_caco2_a025 outer007   48 rows    60.1s  diverged=0  median_train=0.0253
  shiftsev_caco2_a025 outer008   48 rows    59.5s  diverged=0  median_train=0.0243
  shiftsev_caco2_a025 outer009   48 rows    58.1s  diverged=0  median_train=0.0194
  shiftsev_caco2_a025 outer010   48 rows    58.7s  diverged=0  median_train=0.0187

=== shiftsev_caco2_a050 (10 outer runs x 48 candidates) ===
  shiftsev_caco2_a050 outer001   48 rows    61.5s  diverged=0  median_train=0.0148
  shiftsev_caco2_a050 outer002   48 rows    60.3s  diverged=0  median_train=0.0224
  shiftsev_caco2_a050 outer003   48 rows    59.9s  diverged=0  median_train=0.0185
  shiftsev_caco2_a050 outer004   48 rows    60.5s  diverged=0  median_train=0.0201
  shiftsev_caco2_a050 outer005   48 rows    59.1s  diverged=0  median_train=0.0204
  shiftsev_caco2_a050 outer006   48 rows    60.4s  diverged=0  median_train=0.0202
  shiftsev_caco2_a050 outer007   48 rows    60.2s  diverged=0  median_train=0.0254
  shiftsev_caco2_a050 outer008   48 rows    59.3s  diverged=0  median_train=0.0220
  shiftsev_caco2_a050 outer009   48 rows    58.7s  diverged=0  median_train=0.0192
  shiftsev_caco2_a050 outer010   48 rows    57.8s  diverged=0  median_train=0.0235

=== shiftsev_caco2_a075 (10 outer runs x 48 candidates) ===
  shiftsev_caco2_a075 outer001   48 rows    61.1s  diverged=0  median_train=0.0133
  shiftsev_caco2_a075 outer002   48 rows    60.2s  diverged=0  median_train=0.0247
  shiftsev_caco2_a075 outer003   48 rows    59.6s  diverged=0  median_train=0.0206
  shiftsev_caco2_a075 outer004   48 rows    60.2s  diverged=0  median_train=0.0230
  shiftsev_caco2_a075 outer005   48 rows    59.4s  diverged=0  median_train=0.0205
  shiftsev_caco2_a075 outer006   48 rows    59.9s  diverged=0  median_train=0.0240
  shiftsev_caco2_a075 outer007   48 rows    60.6s  diverged=0  median_train=0.0246
  shiftsev_caco2_a075 outer008   48 rows    59.1s  diverged=0  median_train=0.0193
  shiftsev_caco2_a075 outer009   48 rows    57.9s  diverged=0  median_train=0.0186
  shiftsev_caco2_a075 outer010   48 rows    57.8s  diverged=0  median_train=0.0223

=== shiftsev_caco2_a100 (10 outer runs x 48 candidates) ===
  shiftsev_caco2_a100 outer001   48 rows    60.8s  diverged=0  median_train=0.0167
  shiftsev_caco2_a100 outer002   48 rows    60.2s  diverged=0  median_train=0.0233
  shiftsev_caco2_a100 outer003   48 rows    59.0s  diverged=0  median_train=0.0202
  shiftsev_caco2_a100 outer004   48 rows    60.8s  diverged=0  median_train=0.0219
  shiftsev_caco2_a100 outer005   48 rows    59.5s  diverged=0  median_train=0.0216
  shiftsev_caco2_a100 outer006   48 rows    59.1s  diverged=0  median_train=0.0233
  shiftsev_caco2_a100 outer007   48 rows    60.6s  diverged=0  median_train=0.0227
  shiftsev_caco2_a100 outer008   48 rows    58.9s  diverged=0  median_train=0.0208
  shiftsev_caco2_a100 outer009   48 rows    57.7s  diverged=0  median_train=0.0196
  shiftsev_caco2_a100 outer010   48 rows    58.3s  diverged=0  median_train=0.0222

=== shiftsev_lipo_a000 (10 outer runs x 48 candidates) ===
  shiftsev_lipo_a000 outer001   48 rows   207.7s  diverged=0  median_train=0.0169
  shiftsev_lipo_a000 outer002   48 rows   206.2s  diverged=0  median_train=0.0241
  shiftsev_lipo_a000 outer003   48 rows   206.0s  diverged=0  median_train=0.0164
  shiftsev_lipo_a000 outer004   48 rows   206.3s  diverged=0  median_train=0.0175
  shiftsev_lipo_a000 outer005   48 rows   201.4s  diverged=0  median_train=0.0150
  shiftsev_lipo_a000 outer006   48 rows   205.6s  diverged=0  median_train=0.0178
  shiftsev_lipo_a000 outer007   48 rows   202.4s  diverged=0  median_train=0.0204
  shiftsev_lipo_a000 outer008   48 rows   203.6s  diverged=0  median_train=0.0198
  shiftsev_lipo_a000 outer009   48 rows   198.1s  diverged=0  median_train=0.0204
  shiftsev_lipo_a000 outer010   48 rows   202.1s  diverged=0  median_train=0.0217

=== shiftsev_lipo_a025 (10 outer runs x 48 candidates) ===
  shiftsev_lipo_a025 outer001   48 rows   206.8s  diverged=0  median_train=0.0174
  shiftsev_lipo_a025 outer002   48 rows   205.9s  diverged=0  median_train=0.0215
  shiftsev_lipo_a025 outer003   48 rows   205.2s  diverged=0  median_train=0.0176
  shiftsev_lipo_a025 outer004   48 rows   208.5s  diverged=0  median_train=0.0181
  shiftsev_lipo_a025 outer005   48 rows   202.0s  diverged=0  median_train=0.0152
  shiftsev_lipo_a025 outer006   48 rows   204.1s  diverged=0  median_train=0.0187
  shiftsev_lipo_a025 outer007   48 rows   201.0s  diverged=0  median_train=0.0206
  shiftsev_lipo_a025 outer008   48 rows   203.2s  diverged=0  median_train=0.0188
  shiftsev_lipo_a025 outer009   48 rows   199.2s  diverged=0  median_train=0.0198
  shiftsev_lipo_a025 outer010   48 rows   202.5s  diverged=0  median_train=0.0222

=== shiftsev_lipo_a050 (10 outer runs x 48 candidates) ===
  shiftsev_lipo_a050 outer001   48 rows   210.2s  diverged=0  median_train=0.0192
  shiftsev_lipo_a050 outer002   48 rows   206.4s  diverged=0  median_train=0.0217
  shiftsev_lipo_a050 outer003   48 rows   204.6s  diverged=0  median_train=0.0188
  shiftsev_lipo_a050 outer004   48 rows   206.5s  diverged=0  median_train=0.0164
  shiftsev_lipo_a050 outer005   48 rows   204.1s  diverged=0  median_train=0.0149
  shiftsev_lipo_a050 outer006   48 rows   203.3s  diverged=0  median_train=0.0185
  shiftsev_lipo_a050 outer007   48 rows   201.2s  diverged=0  median_train=0.0202
  shiftsev_lipo_a050 outer008   48 rows   202.7s  diverged=0  median_train=0.0191
  shiftsev_lipo_a050 outer009   48 rows   197.2s  diverged=0  median_train=0.0187
  shiftsev_lipo_a050 outer010   48 rows   199.7s  diverged=0  median_train=0.0212

=== shiftsev_lipo_a075 (10 outer runs x 48 candidates) ===
  shiftsev_lipo_a075 outer001   48 rows   206.6s  diverged=0  median_train=0.0181
  shiftsev_lipo_a075 outer002   48 rows   205.6s  diverged=0  median_train=0.0212
  shiftsev_lipo_a075 outer003   48 rows   204.3s  diverged=0  median_train=0.0188
  shiftsev_lipo_a075 outer004   48 rows   205.6s  diverged=0  median_train=0.0167
  shiftsev_lipo_a075 outer005   48 rows   200.0s  diverged=0  median_train=0.0129
  shiftsev_lipo_a075 outer006   48 rows   203.6s  diverged=0  median_train=0.0179
  shiftsev_lipo_a075 outer007   48 rows   202.6s  diverged=0  median_train=0.0195
  shiftsev_lipo_a075 outer008   48 rows   203.5s  diverged=0  median_train=0.0213
  shiftsev_lipo_a075 outer009   48 rows   198.1s  diverged=0  median_train=0.0186
  shiftsev_lipo_a075 outer010   48 rows   199.8s  diverged=0  median_train=0.0215

=== shiftsev_lipo_a100 (10 outer runs x 48 candidates) ===
  shiftsev_lipo_a100 outer001   48 rows   206.2s  diverged=0  median_train=0.0188
  shiftsev_lipo_a100 outer002   48 rows   205.3s  diverged=0  median_train=0.0210
  shiftsev_lipo_a100 outer003   48 rows   204.0s  diverged=0  median_train=0.0170
  shiftsev_lipo_a100 outer004   48 rows   204.1s  diverged=0  median_train=0.0165
  shiftsev_lipo_a100 outer005   48 rows   199.2s  diverged=0  median_train=0.0143
  shiftsev_lipo_a100 outer006   48 rows   203.0s  diverged=0  median_train=0.0196
  shiftsev_lipo_a100 outer007   48 rows   200.4s  diverged=0  median_train=0.0191
  shiftsev_lipo_a100 outer008   48 rows   203.3s  diverged=0  median_train=0.0202
  shiftsev_lipo_a100 outer009   48 rows   201.6s  diverged=0  median_train=0.0185
  shiftsev_lipo_a100 outer010   48 rows   202.7s  diverged=0  median_train=0.0243

done: 4800 trainings in 219.2 min
--- shift_severity finished (07:11:59) ---
wrote results_icbinb/summaries/RESULTS_exploratory.md (23 lines)

==============================================================
EXPLORATORY STAGE: gdsc_phase1a  (2026-08-22 07:12:03)
==============================================================
protocol_hash=42554d911431f9de...  workers=8

=== gdsc_drug (20 outer runs x 48 candidates) ===
  gdsc_drug        outer001   48 rows   293.0s  diverged=0  median_train=0.0477
  gdsc_drug        outer002   48 rows   300.7s  diverged=0  median_train=0.0717
  gdsc_drug        outer003   48 rows   292.1s  diverged=0  median_train=0.0498
  gdsc_drug        outer004   48 rows   294.2s  diverged=0  median_train=0.0628
  gdsc_drug        outer005   48 rows   292.9s  diverged=0  median_train=0.0533
  gdsc_drug        outer006   48 rows   288.4s  diverged=0  median_train=0.0581
  gdsc_drug        outer007   48 rows   289.1s  diverged=0  median_train=0.0712
  gdsc_drug        outer008   48 rows   287.1s  diverged=0  median_train=0.0670
  gdsc_drug        outer009   48 rows   273.0s  diverged=0  median_train=0.0488
  gdsc_drug        outer010   48 rows   291.7s  diverged=0  median_train=0.0759
  gdsc_drug        outer011   48 rows   304.3s  diverged=0  median_train=0.0723
  gdsc_drug        outer012   48 rows   286.2s  diverged=0  median_train=0.0520
  gdsc_drug        outer013   48 rows   261.2s  diverged=0  median_train=0.0460
  gdsc_drug        outer014   48 rows   282.9s  diverged=0  median_train=0.0659
  gdsc_drug        outer015   48 rows   282.9s  diverged=0  median_train=0.0628
  gdsc_drug        outer016   48 rows   281.8s  diverged=0  median_train=0.0549
  gdsc_drug        outer017   48 rows   276.8s  diverged=0  median_train=0.0790
  gdsc_drug        outer018   48 rows   285.4s  diverged=0  median_train=0.0521
  gdsc_drug        outer019   48 rows   264.7s  diverged=0  median_train=0.0541
  gdsc_drug        outer020   48 rows   288.7s  diverged=0  median_train=0.0671

done: 960 trainings in 95.3 min
--- gdsc_phase1a finished (08:47:21) ---
wrote results_icbinb/summaries/RESULTS_exploratory.md (54 lines)

==============================================================
EXPLORATORY STAGE: gdsc_phase1b  (2026-08-22 08:47:24)
==============================================================
Phase 1B: 90 jobs (90 to run) x 48 trials, workers=8
  random_val       gdsc_drug outer001  48 trials  1903.7s
  tpe_hess_mo      gdsc_drug outer001  48 trials  1961.5s
  hebo_fg_mo       gdsc_drug outer001  48 trials  2002.4s
  tpe_fg_mo        gdsc_drug outer001  48 trials  2147.4s
  tpe_val          gdsc_drug outer001  48 trials  2164.7s
  tpe_penult_mo    gdsc_drug outer001  48 trials  2474.1s
  hebo_penult_mo   gdsc_drug outer001  48 trials  2511.5s
  hebo_val         gdsc_drug outer001  48 trials  3062.1s
  random_val       gdsc_drug outer002  48 trials  1697.5s
  tpe_fg_mo        gdsc_drug outer002  48 trials  1880.4s
  hebo_hess_mo     gdsc_drug outer001  48 trials  2222.3s
  hebo_val         gdsc_drug outer002  48 trials  2011.9s
  tpe_val          gdsc_drug outer002  48 trials  2258.1s
  hebo_fg_mo       gdsc_drug outer002  48 trials  2191.6s
  tpe_penult_mo    gdsc_drug outer002  48 trials  2588.0s
  hebo_penult_mo   gdsc_drug outer002  48 trials  2149.6s
  tpe_hess_mo      gdsc_drug outer002  48 trials  1859.2s
  random_val       gdsc_drug outer003  48 trials  1894.1s
