waiting for current runs... 23:45:29
waiting for current runs... 23:47:29
waiting for current runs... 23:49:29
waiting for current runs... 23:51:29
waiting for current runs... 23:53:29
waiting for current runs... 23:55:29
waiting for current runs... 23:57:29
waiting for current runs... 23:59:29
waiting for current runs... 00:01:29
waiting for current runs... 00:03:29
waiting for current runs... 00:05:29
waiting for current runs... 00:07:29
waiting for current runs... 00:09:29
waiting for current runs... 00:11:30
waiting for current runs... 00:13:30
waiting for current runs... 00:15:30
waiting for current runs... 00:17:30
waiting for current runs... 00:19:30
waiting for current runs... 00:21:30
waiting for current runs... 00:23:30
waiting for current runs... 00:25:30
waiting for current runs... 00:27:30
waiting for current runs... 00:29:30
waiting for current runs... 00:31:30
waiting for current runs... 00:33:30
waiting for current runs... 00:35:30
waiting for current runs... 00:37:30
waiting for current runs... 00:39:30
waiting for current runs... 00:41:30
waiting for current runs... 00:43:31
waiting for current runs... 00:45:31
waiting for current runs... 00:47:31
waiting for current runs... 00:49:31
waiting for current runs... 00:51:31
waiting for current runs... 00:53:31
waiting for current runs... 00:55:31
waiting for current runs... 00:57:31
waiting for current runs... 00:59:31
waiting for current runs... 01:01:31
waiting for current runs... 01:03:31
waiting for current runs... 01:05:31
waiting for current runs... 01:07:31
waiting for current runs... 01:09:31
waiting for current runs... 01:11:31
waiting for current runs... 01:13:31
waiting for current runs... 01:15:31
waiting for current runs... 01:17:32
waiting for current runs... 01:19:32
waiting for current runs... 01:21:32
waiting for current runs... 01:23:32
waiting for current runs... 01:25:32
waiting for current runs... 01:27:32
waiting for current runs... 01:29:32
waiting for current runs... 01:31:32
waiting for current runs... 01:33:32
waiting for current runs... 01:35:32
waiting for current runs... 01:37:32
waiting for current runs... 01:39:32
waiting for current runs... 01:41:32
waiting for current runs... 01:43:32
waiting for current runs... 01:45:32
waiting for current runs... 01:47:32
waiting for current runs... 01:49:32
waiting for current runs... 01:51:33
waiting for current runs... 01:53:33
waiting for current runs... 01:55:33
waiting for current runs... 01:57:33
waiting for current runs... 01:59:33
waiting for current runs... 02:01:33
waiting for current runs... 02:03:33
waiting for current runs... 02:05:33
waiting for current runs... 02:07:33
waiting for current runs... 02:09:33
waiting for current runs... 02:11:33
waiting for current runs... 02:13:33
waiting for current runs... 02:15:33
waiting for current runs... 02:17:33
waiting for current runs... 02:19:33
waiting for current runs... 02:21:33
waiting for current runs... 02:23:33
waiting for current runs... 02:25:34
waiting for current runs... 02:27:34
waiting for current runs... 02:29:34
waiting for current runs... 02:31:34
waiting for current runs... 02:33:34
waiting for current runs... 02:35:34
waiting for current runs... 02:37:34
waiting for current runs... 02:39:34
waiting for current runs... 02:41:34
waiting for current runs... 02:43:34
waiting for current runs... 02:45:34
waiting for current runs... 02:47:34
waiting for current runs... 02:49:34
waiting for current runs... 02:51:34
waiting for current runs... 02:53:34
waiting for current runs... 02:55:34
waiting for current runs... 02:57:34
waiting for current runs... 02:59:35
waiting for current runs... 03:01:35
waiting for current runs... 03:03:35
waiting for current runs... 03:05:35
waiting for current runs... 03:07:35
waiting for current runs... 03:09:35
waiting for current runs... 03:11:35
waiting for current runs... 03:13:35
waiting for current runs... 03:15:35
waiting for current runs... 03:17:35
waiting for current runs... 03:19:35
waiting for current runs... 03:21:35
waiting for current runs... 03:23:35
waiting for current runs... 03:25:35
waiting for current runs... 03:27:35
waiting for current runs... 03:29:35
waiting for current runs... 03:31:35
waiting for current runs... 03:33:36
waiting for current runs... 03:35:36
waiting for current runs... 03:37:36
waiting for current runs... 03:39:36
waiting for current runs... 03:41:36
waiting for current runs... 03:43:36
waiting for current runs... 03:45:36
waiting for current runs... 03:47:36
waiting for current runs... 03:49:36
waiting for current runs... 03:51:36
waiting for current runs... 03:53:36
waiting for current runs... 03:55:36
waiting for current runs... 03:57:36
waiting for current runs... 03:59:36
waiting for current runs... 04:01:36
waiting for current runs... 04:03:36
waiting for current runs... 04:05:36
waiting for current runs... 04:07:37
waiting for current runs... 04:09:37
waiting for current runs... 04:11:37
waiting for current runs... 04:13:37
waiting for current runs... 04:15:37
waiting for current runs... 04:17:37
waiting for current runs... 04:19:37
waiting for current runs... 04:21:37
waiting for current runs... 04:23:37
waiting for current runs... 04:25:37
waiting for current runs... 04:27:37
waiting for current runs... 04:29:37
waiting for current runs... 04:31:37
waiting for current runs... 04:33:37
waiting for current runs... 04:35:37
waiting for current runs... 04:37:37
waiting for current runs... 04:39:37
waiting for current runs... 04:41:38
waiting for current runs... 04:43:38
waiting for current runs... 04:45:38
waiting for current runs... 04:47:38
waiting for current runs... 04:49:38
waiting for current runs... 04:51:38
waiting for current runs... 04:53:38
waiting for current runs... 04:55:38
clear - starting featshift Mon Aug 24 04:57:38 IST 2026

=== featshift + L1000 Phase 1A (shared pool) ===
protocol_hash=42554d911431f9de...  workers=5

=== featshift_high (20 outer runs x 48 candidates) ===
  featshift_high   outer001   48 rows   419.0s  diverged=0  median_train=0.0571
  featshift_high   outer002   48 rows   398.4s  diverged=0  median_train=0.0744
  featshift_high   outer003   48 rows   402.9s  diverged=0  median_train=0.0531
  featshift_high   outer004   48 rows   409.8s  diverged=0  median_train=0.0612
  featshift_high   outer005   48 rows   404.7s  diverged=0  median_train=0.0506
  featshift_high   outer006   48 rows   393.5s  diverged=0  median_train=0.0700
  featshift_high   outer007   48 rows   386.8s  diverged=0  median_train=0.0787
  featshift_high   outer008   48 rows   397.5s  diverged=0  median_train=0.0741
  featshift_high   outer009   48 rows   380.1s  diverged=0  median_train=0.0481
  featshift_high   outer010   48 rows   379.0s  diverged=0  median_train=0.0683
  featshift_high   outer011   48 rows   420.5s  diverged=0  median_train=0.0655
  featshift_high   outer012   48 rows   385.6s  diverged=0  median_train=0.0619
  featshift_high   outer013   48 rows   367.4s  diverged=0  median_train=0.0503
  featshift_high   outer014   48 rows   400.8s  diverged=0  median_train=0.0583
  featshift_high   outer015   48 rows   397.5s  diverged=0  median_train=0.0630
  featshift_high   outer016   48 rows   400.9s  diverged=0  median_train=0.0520
  featshift_high   outer017   48 rows   375.4s  diverged=0  median_train=0.0722
  featshift_high   outer018   48 rows   394.8s  diverged=0  median_train=0.0581
  featshift_high   outer019   48 rows   378.6s  diverged=0  median_train=0.0512
  featshift_high   outer020   48 rows   384.6s  diverged=0  median_train=0.0672

=== featshift_low (20 outer runs x 48 candidates) ===
  featshift_low    outer001   48 rows   408.7s  diverged=0  median_train=0.0530
  featshift_low    outer002   48 rows   405.2s  diverged=0  median_train=0.0677
  featshift_low    outer003   48 rows   390.9s  diverged=0  median_train=0.0533
  featshift_low    outer004   48 rows   416.8s  diverged=0  median_train=0.0582
  featshift_low    outer005   48 rows   397.4s  diverged=0  median_train=0.0519
  featshift_low    outer006   48 rows   397.2s  diverged=0  median_train=0.0580
  featshift_low    outer007   48 rows   396.8s  diverged=0  median_train=0.0786
  featshift_low    outer008   48 rows   396.5s  diverged=0  median_train=0.0675
  featshift_low    outer009   48 rows   422.2s  diverged=0  median_train=0.0533
  featshift_low    outer010   48 rows   407.0s  diverged=0  median_train=0.0700
  featshift_low    outer011   48 rows   444.3s  diverged=0  median_train=0.0718
  featshift_low    outer012   48 rows   407.2s  diverged=0  median_train=0.0541
  featshift_low    outer013   48 rows   407.5s  diverged=0  median_train=0.0498
  featshift_low    outer014   48 rows   419.6s  diverged=0  median_train=0.0683
  featshift_low    outer015   48 rows   438.6s  diverged=0  median_train=0.0661
  featshift_low    outer016   48 rows   442.7s  diverged=0  median_train=0.0564
  featshift_low    outer017   48 rows   405.7s  diverged=0  median_train=0.0834
  featshift_low    outer018   48 rows   413.4s  diverged=0  median_train=0.0583
  featshift_low    outer019   48 rows   372.1s  diverged=0  median_train=0.0522
