protocol_hash=42554d911431f9de...  workers=3

=== caco2_scaffold (5 outer runs x 48 candidates) ===
  caco2_scaffold   outer001   48 rows    63.8s  diverged=0  median_train=0.0156
  caco2_scaffold   outer002   48 rows    59.5s  diverged=0  median_train=0.0218
  caco2_scaffold   outer003   48 rows    55.1s  diverged=0  median_train=0.0148
  caco2_scaffold   outer004   48 rows    56.4s  diverged=0  median_train=0.0236
Process SpawnPoolWorker-15:
Traceback (most recent call last):
  File "/opt/anaconda3/envs/tf-ml-gpu/lib/python3.10/multiprocessing/pool.py", line 131, in worker
    put((job, i, result))
  File "/opt/anaconda3/envs/tf-ml-gpu/lib/python3.10/multiprocessing/queues.py", line 377, in put
    self._writer.send_bytes(obj)
  File "/opt/anaconda3/envs/tf-ml-gpu/lib/python3.10/multiprocessing/connection.py", line 200, in send_bytes
    self._send_bytes(m[offset:offset + size])
  File "/opt/anaconda3/envs/tf-ml-gpu/lib/python3.10/multiprocessing/connection.py", line 411, in _send_bytes
    self._send(header + buf)
  File "/opt/anaconda3/envs/tf-ml-gpu/lib/python3.10/multiprocessing/connection.py", line 368, in _send
    n = write(self._handle, buf)
BrokenPipeError: [Errno 32] Broken pipe

During handling of the above exception, another exception occurred:

Traceback (most recent call last):
  File "/opt/anaconda3/envs/tf-ml-gpu/lib/python3.10/multiprocessing/process.py", line 314, in _bootstrap
    self.run()
  File "/opt/anaconda3/envs/tf-ml-gpu/lib/python3.10/multiprocessing/process.py", line 108, in run
    self._target(*self._args, **self._kwargs)
  File "/opt/anaconda3/envs/tf-ml-gpu/lib/python3.10/multiprocessing/pool.py", line 136, in worker
    put((job, i, (False, wrapped)))
  File "/opt/anaconda3/envs/tf-ml-gpu/lib/python3.10/multiprocessing/queues.py", line 377, in put
    self._writer.send_bytes(obj)
  File "/opt/anaconda3/envs/tf-ml-gpu/lib/python3.10/multiprocessing/connection.py", line 200, in send_bytes
    self._send_bytes(m[offset:offset + size])
  File "/opt/anaconda3/envs/tf-ml-gpu/lib/python3.10/multiprocessing/connection.py", line 404, in _send_bytes
    self._send(header)
  File "/opt/anaconda3/envs/tf-ml-gpu/lib/python3.10/multiprocessing/connection.py", line 368, in _send
    n = write(self._handle, buf)
BrokenPipeError: [Errno 32] Broken pipe
